CMD /usr/bin/python3 /kaggle/working/medmnist-experiments/MedMNIST2D/train_and_eval_pytorch.py --data_flag chestmnist --output_root /kaggle/working/medmnist-repro/work/output/2d-chestmnist-resnet50-224-seed17-r1 --num_epochs 100 --size 28 --gpu_ids 0 --batch_size 128 --model_flag resnet50 --run 2d-chestmnist-resnet50-224-seed17-r1 --seed 17 --checkpoint /kaggle/working/medmnist-repro/checkpoints/2d-chestmnist-resnet50-224-seed17-r1.pt --resume --download --resize --as_rgb
GPU_INDEX 0 RESUMED False DEADLINE 1790241719
==> Preparing data...
==> Building and training model...
/usr/local/lib/python3.12/dist-packages/torchvision/models/_utils.py:208: UserWarning: The parameter 'pretrained' is deprecated since 0.13 and may be removed in the future, please use 'weights' instead.
  warnings.warn(
/usr/local/lib/python3.12/dist-packages/torchvision/models/_utils.py:223: UserWarning: Arguments other than a weight enum or `None` for 'weights' are deprecated since 0.13 and may be removed in the future. The current behavior is equivalent to passing `weights=None`.
  warnings.warn(msg)

  0%|          | 0/100 [00:00<?, ?it/s]cur_best_auc: 0.6209548277572124
cur_best_epoch 0
CHECKPOINT completed_epochs=1 epoch_seconds=1334.1

  1%|          | 1/100 [22:14<36:41:11, 1334.05s/it]cur_best_auc: 0.7186318505270572
cur_best_epoch 1
CHECKPOINT completed_epochs=2 epoch_seconds=1349.8

  2%|▏         | 2/100 [44:43<36:34:05, 1343.32s/it]cur_best_auc: 0.7237575673154167
cur_best_epoch 2
CHECKPOINT completed_epochs=3 epoch_seconds=1337.3

  3%|▎         | 3/100 [1:07:01<36:07:16, 1340.58s/it]cur_best_auc: 0.7521008800916664
cur_best_epoch 3
CHECKPOINT completed_epochs=4 epoch_seconds=1348.5

  4%|▍         | 4/100 [1:29:29<35:49:55, 1343.71s/it]cur_best_auc: 0.7521785879739552
cur_best_epoch 4
CHECKPOINT completed_epochs=5 epoch_seconds=1347.5

  5%|▌         | 5/100 [1:51:57<35:29:42, 1345.08s/it]CHECKPOINT completed_epochs=6 epoch_seconds=1346.7

  6%|▌         | 6/100 [2:14:23<35:08:08, 1345.62s/it]cur_best_auc: 0.7579947891649023
cur_best_epoch 6
CHECKPOINT completed_epochs=7 epoch_seconds=1345.7

  7%|▋         | 7/100 [2:36:49<34:45:44, 1345.64s/it]CHECKPOINT completed_epochs=8 epoch_seconds=1346.4

  8%|▊         | 8/100 [2:59:15<34:23:40, 1345.87s/it]cur_best_auc: 0.7593031372247347
cur_best_epoch 8
CHECKPOINT completed_epochs=9 epoch_seconds=1346.2

  9%|▉         | 9/100 [3:21:42<34:01:24, 1345.99s/it]cur_best_auc: 0.7642467947039091
cur_best_epoch 9
CHECKPOINT completed_epochs=10 epoch_seconds=1346.7

 10%|█         | 10/100 [3:44:08<33:39:18, 1346.21s/it]cur_best_auc: 0.7663075099822201
cur_best_epoch 10
CHECKPOINT completed_epochs=11 epoch_seconds=1330.1

 11%|█         | 11/100 [4:06:18<33:09:33, 1341.27s/it]cur_best_auc: 0.7748638520484351
cur_best_epoch 11
CHECKPOINT completed_epochs=12 epoch_seconds=1330.4

 12%|█▏        | 12/100 [4:28:29<32:42:20, 1337.97s/it]CHECKPOINT completed_epochs=13 epoch_seconds=1340.4

 13%|█▎        | 13/100 [4:50:49<32:21:07, 1338.71s/it]CHECKPOINT completed_epochs=14 epoch_seconds=1344.3

 14%|█▍        | 14/100 [5:13:14<32:01:14, 1340.40s/it]CHECKPOINT completed_epochs=15 epoch_seconds=1327.7

 15%|█▌        | 15/100 [5:35:21<31:33:28, 1336.57s/it]CHECKPOINT completed_epochs=16 epoch_seconds=1326.9

 16%|█▌        | 16/100 [5:57:28<31:07:06, 1333.65s/it]CHECKPOINT completed_epochs=17 epoch_seconds=1327.3

 17%|█▋        | 17/100 [6:19:35<30:42:14, 1331.74s/it]CHECKPOINT completed_epochs=18 epoch_seconds=1345.0

 18%|█▊        | 18/100 [6:42:00<30:25:30, 1335.74s/it]CHECKPOINT completed_epochs=19 epoch_seconds=1342.0

 19%|█▉        | 19/100 [7:04:22<30:05:46, 1337.61s/it]CHECKPOINT completed_epochs=20 epoch_seconds=1342.7

 20%|██        | 20/100 [7:26:45<29:45:30, 1339.13s/it]CHECKPOINT completed_epochs=21 epoch_seconds=1341.4

 21%|██        | 21/100 [7:49:07<29:24:05, 1339.82s/it]CHECKPOINT completed_epochs=22 epoch_seconds=1341.4

 22%|██▏       | 22/100 [8:11:28<29:02:24, 1340.31s/it]CHECKPOINT completed_epochs=23 epoch_seconds=1339.2

 23%|██▎       | 23/100 [8:33:47<28:39:37, 1339.97s/it]CHECKPOINT completed_epochs=24 epoch_seconds=1340.3

 24%|██▍       | 24/100 [8:56:07<28:17:24, 1340.06s/it]CHECKPOINT completed_epochs=25 epoch_seconds=1341.5

 25%|██▌       | 25/100 [9:18:29<27:55:37, 1340.50s/it]CHECKPOINT completed_epochs=26 epoch_seconds=1341.3

 26%|██▌       | 26/100 [9:40:50<27:33:34, 1340.74s/it]CHECKPOINT completed_epochs=27 epoch_seconds=1341.6
PAUSED: checkpoint saved; insufficient budget for another epoch

 26%|██▌       | 26/100 [10:03:12<28:36:48, 1392.01s/it]
