CMD /usr/bin/python3 /kaggle/working/medmnist-experiments/MedMNIST2D/train_and_eval_pytorch.py --data_flag chestmnist --output_root /kaggle/working/medmnist-repro/work/output --num_epochs 100 --size 28 --gpu_ids 0 --batch_size 128 --model_flag resnet50 --run 2d-chestmnist-resnet50-224-seed17-r1 --seed 17 --checkpoint /kaggle/working/medmnist-repro/checkpoints/2d-chestmnist-resnet50-224-seed17-r1.pt --resume --download --resize --as_rgb
==> Preparing data...

  0%|          | 0.00/82.8M [00:00<?, ?B/s]
  0%|          | 32.8k/82.8M [00:00<05:05, 271kB/s]
  0%|          | 65.5k/82.8M [00:00<05:04, 271kB/s]
  0%|          | 131k/82.8M [00:00<03:29, 395kB/s] 
  0%|          | 229k/82.8M [00:00<02:27, 561kB/s]
  0%|          | 328k/82.8M [00:00<02:06, 652kB/s]
  1%|          | 426k/82.8M [00:00<01:56, 706kB/s]
  1%|          | 590k/82.8M [00:00<01:29, 918kB/s]
  1%|          | 688k/82.8M [00:00<01:32, 885kB/s]
  1%|          | 786k/82.8M [00:01<01:35, 863kB/s]
  1%|          | 885k/82.8M [00:01<01:36, 848kB/s]
  1%|          | 983k/82.8M [00:01<01:37, 838kB/s]
  1%|▏         | 1.08M/82.8M [00:01<01:38, 831kB/s]
  1%|▏         | 1.18M/82.8M [00:01<01:39, 824kB/s]
  2%|▏         | 1.28M/82.8M [00:01<01:39, 821kB/s]
  2%|▏         | 1.38M/82.8M [00:01<01:39, 820kB/s]
  2%|▏         | 1.47M/82.8M [00:02<02:09, 629kB/s]
  2%|▏         | 1.57M/82.8M [00:02<02:00, 675kB/s]
  2%|▏         | 1.67M/82.8M [00:02<01:54, 711kB/s]
  2%|▏         | 1.77M/82.8M [00:02<01:49, 739kB/s]
  2%|▏         | 1.87M/82.8M [00:02<01:46, 759kB/s]
  2%|▏         | 1.97M/82.8M [00:02<01:44, 775kB/s]
  2%|▏         | 2.06M/82.8M [00:02<01:42, 785kB/s]
  3%|▎         | 2.23M/82.8M [00:02<01:24, 952kB/s]
  3%|▎         | 2.33M/82.8M [00:03<01:28, 911kB/s]
  3%|▎         | 2.42M/82.8M [00:03<01:31, 880kB/s]
  3%|▎         | 2.56M/82.8M [00:03<01:25, 940kB/s]
  3%|▎         | 2.72M/82.8M [00:03<01:15, 1.06MB/s]
  3%|▎         | 2.85M/82.8M [00:03<01:14, 1.07MB/s]
  4%|▎         | 2.98M/82.8M [00:03<01:14, 1.07MB/s]
  4%|▍         | 3.11M/82.8M [00:03<01:36, 829kB/s] 
  4%|▍         | 3.31M/82.8M [00:03<01:17, 1.03MB/s]
  4%|▍         | 3.44M/82.8M [00:04<01:16, 1.04MB/s]
  4%|▍         | 3.57M/82.8M [00:04<01:15, 1.05MB/s]
  4%|▍         | 3.70M/82.8M [00:04<01:14, 1.06MB/s]
  5%|▍         | 3.83M/82.8M [00:04<01:13, 1.07MB/s]
  5%|▍         | 3.96M/82.8M [00:04<01:13, 1.07MB/s]
  5%|▍         | 4.10M/82.8M [00:04<01:13, 1.08MB/s]
  5%|▌         | 4.23M/82.8M [00:04<01:12, 1.08MB/s]
  5%|▌         | 4.36M/82.8M [00:04<01:12, 1.08MB/s]
  5%|▌         | 4.49M/82.8M [00:05<01:12, 1.08MB/s]
  6%|▌         | 4.62M/82.8M [00:05<01:33, 836kB/s] 
  6%|▌         | 4.72M/82.8M [00:05<01:34, 830kB/s]
  6%|▌         | 4.92M/82.8M [00:05<01:15, 1.04MB/s]
  6%|▌         | 5.05M/82.8M [00:05<01:14, 1.05MB/s]
  6%|▋         | 5.18M/82.8M [00:05<01:13, 1.06MB/s]
  6%|▋         | 5.31M/82.8M [00:05<01:12, 1.07MB/s]
  7%|▋         | 5.44M/82.8M [00:06<01:33, 832kB/s] 
  7%|▋         | 5.57M/82.8M [00:06<01:26, 892kB/s]
  7%|▋         | 5.67M/82.8M [00:06<01:28, 872kB/s]
  7%|▋         | 5.80M/82.8M [00:06<01:22, 929kB/s]
  7%|▋         | 5.93M/82.8M [00:06<01:19, 972kB/s]
  7%|▋         | 6.06M/82.8M [00:06<01:16, 1.00MB/s]
  7%|▋         | 6.19M/82.8M [00:06<01:14, 1.03MB/s]
  8%|▊         | 6.32M/82.8M [00:07<01:13, 1.04MB/s]
  8%|▊         | 6.46M/82.8M [00:07<01:33, 816kB/s] 
  8%|▊         | 6.55M/82.8M [00:07<01:33, 816kB/s]
  8%|▊         | 6.65M/82.8M [00:07<01:33, 815kB/s]
  8%|▊         | 6.75M/82.8M [00:07<01:33, 815kB/s]
  8%|▊         | 6.85M/82.8M [00:07<01:33, 815kB/s]
  8%|▊         | 6.95M/82.8M [00:07<01:33, 813kB/s]
  9%|▊         | 7.05M/82.8M [00:07<01:33, 813kB/s]
  9%|▊         | 7.14M/82.8M [00:08<01:33, 812kB/s]
  9%|▊         | 7.24M/82.8M [00:08<01:32, 813kB/s]
  9%|▉         | 7.34M/82.8M [00:08<01:32, 812kB/s]
  9%|▉         | 7.50M/82.8M [00:08<01:17, 970kB/s]
  9%|▉         | 7.60M/82.8M [00:08<01:21, 923kB/s]
  9%|▉         | 7.70M/82.8M [00:08<01:24, 891kB/s]
  9%|▉         | 7.86M/82.8M [00:08<01:12, 1.03MB/s]
 10%|▉         | 8.00M/82.8M [00:08<01:11, 1.05MB/s]
 10%|▉         | 8.13M/82.8M [00:09<01:10, 1.06MB/s]
 10%|▉         | 8.26M/82.8M [00:09<01:30, 819kB/s] 
 10%|█         | 8.55M/82.8M [00:09<01:00, 1.22MB/s]
 11%|█         | 8.72M/82.8M [00:09<00:59, 1.26MB/s]
 11%|█         | 9.01M/82.8M [00:09<00:46, 1.58MB/s]
 11%|█         | 9.21M/82.8M [00:09<00:59, 1.24MB/s]
 11%|█▏        | 9.37M/82.8M [00:10<00:57, 1.27MB/s]
 12%|█▏        | 9.54M/82.8M [00:10<00:56, 1.29MB/s]
 12%|█▏        | 9.70M/82.8M [00:10<01:10, 1.03MB/s]
 12%|█▏        | 9.93M/82.8M [00:10<00:59, 1.23MB/s]
 12%|█▏        | 10.1M/82.8M [00:10<00:57, 1.26MB/s]
 12%|█▏        | 10.3M/82.8M [00:10<00:56, 1.28MB/s]
 13%|█▎        | 10.4M/82.8M [00:11<01:10, 1.03MB/s]
 13%|█▎        | 10.6M/82.8M [00:11<01:09, 1.04MB/s]
 13%|█▎        | 10.7M/82.8M [00:11<01:08, 1.05MB/s]
 13%|█▎        | 10.9M/82.8M [00:11<00:59, 1.20MB/s]
 13%|█▎        | 11.1M/82.8M [00:11<00:51, 1.39MB/s]
 14%|█▎        | 11.3M/82.8M [00:11<00:46, 1.53MB/s]
 14%|█▍        | 11.5M/82.8M [00:11<00:48, 1.48MB/s]
 14%|█▍        | 11.7M/82.8M [00:11<00:49, 1.45MB/s]
 14%|█▍        | 11.8M/82.8M [00:11<00:49, 1.42MB/s]
 14%|█▍        | 12.0M/82.8M [00:12<00:50, 1.40MB/s]
 15%|█▍        | 12.2M/82.8M [00:12<00:51, 1.38MB/s]
 15%|█▍        | 12.3M/82.8M [00:12<00:51, 1.37MB/s]
 15%|█▌        | 12.5M/82.8M [00:12<00:51, 1.37MB/s]
 15%|█▌        | 12.6M/82.8M [00:12<00:51, 1.37MB/s]
 15%|█▌        | 12.8M/82.8M [00:12<00:51, 1.36MB/s]
 16%|█▌        | 13.0M/82.8M [00:12<01:06, 1.05MB/s]
 16%|█▌        | 13.1M/82.8M [00:13<01:05, 1.06MB/s]
 16%|█▌        | 13.2M/82.8M [00:13<01:05, 1.06MB/s]
 16%|█▌        | 13.4M/82.8M [00:13<01:04, 1.07MB/s]
 16%|█▋        | 13.5M/82.8M [00:13<01:04, 1.07MB/s]
 16%|█▋        | 13.6M/82.8M [00:13<01:04, 1.08MB/s]
 17%|█▋        | 13.8M/82.8M [00:13<00:55, 1.24MB/s]
 17%|█▋        | 14.0M/82.8M [00:13<00:50, 1.35MB/s]
 17%|█▋        | 14.2M/82.8M [00:13<00:50, 1.35MB/s]
 17%|█▋        | 14.4M/82.8M [00:14<00:50, 1.35MB/s]
 18%|█▊        | 14.5M/82.8M [00:14<00:50, 1.35MB/s]
 18%|█▊        | 14.7M/82.8M [00:14<00:50, 1.35MB/s]
 18%|█▊        | 14.8M/82.8M [00:14<00:50, 1.35MB/s]
 18%|█▊        | 15.0M/82.8M [00:14<00:50, 1.36MB/s]
 18%|█▊        | 15.2M/82.8M [00:14<00:49, 1.36MB/s]
 19%|█▊        | 15.3M/82.8M [00:14<01:04, 1.04MB/s]
 19%|█▊        | 15.5M/82.8M [00:14<01:03, 1.05MB/s]
 19%|█▉        | 15.6M/82.8M [00:15<01:03, 1.06MB/s]
 19%|█▉        | 15.7M/82.8M [00:15<01:02, 1.07MB/s]
 19%|█▉        | 15.9M/82.8M [00:15<01:02, 1.07MB/s]
 19%|█▉        | 16.0M/82.8M [00:15<00:57, 1.15MB/s]
 20%|█▉        | 16.2M/82.8M [00:15<00:58, 1.13MB/s]
 20%|█▉        | 16.3M/82.8M [00:15<00:59, 1.12MB/s]
 20%|█▉        | 16.4M/82.8M [00:15<00:59, 1.11MB/s]
 20%|█▉        | 16.5M/82.8M [00:15<01:00, 1.10MB/s]
 20%|██        | 16.7M/82.8M [00:16<01:00, 1.10MB/s]
 20%|██        | 16.8M/82.8M [00:16<01:00, 1.09MB/s]
 20%|██        | 16.9M/82.8M [00:16<01:00, 1.09MB/s]
 21%|██        | 17.1M/82.8M [00:16<01:18, 840kB/s] 
 21%|██        | 17.3M/82.8M [00:16<01:03, 1.03MB/s]
 21%|██        | 17.4M/82.8M [00:16<00:58, 1.12MB/s]
 21%|██▏       | 17.6M/82.8M [00:16<00:57, 1.14MB/s]
 21%|██▏       | 17.7M/82.8M [00:17<00:58, 1.11MB/s]
 22%|██▏       | 17.9M/82.8M [00:17<00:58, 1.10MB/s]
 22%|██▏       | 18.0M/82.8M [00:17<00:58, 1.10MB/s]
 22%|██▏       | 18.1M/82.8M [00:17<00:59, 1.09MB/s]
 22%|██▏       | 18.3M/82.8M [00:17<00:59, 1.09MB/s]
 22%|██▏       | 18.4M/82.8M [00:17<00:59, 1.09MB/s]
 22%|██▏       | 18.5M/82.8M [00:17<00:59, 1.09MB/s]
 23%|██▎       | 18.6M/82.8M [00:17<00:58, 1.09MB/s]
 23%|██▎       | 18.8M/82.8M [00:18<00:58, 1.09MB/s]
 23%|██▎       | 19.0M/82.8M [00:18<00:45, 1.41MB/s]
 23%|██▎       | 19.2M/82.8M [00:18<00:45, 1.39MB/s]
 23%|██▎       | 19.4M/82.8M [00:18<00:59, 1.06MB/s]
 24%|██▎       | 19.5M/82.8M [00:18<00:59, 1.07MB/s]
 24%|██▎       | 19.6M/82.8M [00:18<00:58, 1.07MB/s]
 24%|██▍       | 19.8M/82.8M [00:18<00:58, 1.08MB/s]
 24%|██▍       | 20.0M/82.8M [00:18<00:51, 1.23MB/s]
 25%|██▍       | 20.3M/82.8M [00:19<00:36, 1.73MB/s]
 25%|██▍       | 20.5M/82.8M [00:19<00:36, 1.70MB/s]
 25%|██▌       | 20.7M/82.8M [00:19<00:37, 1.68MB/s]
 25%|██▌       | 20.9M/82.8M [00:19<00:48, 1.28MB/s]
 25%|██▌       | 21.1M/82.8M [00:19<00:47, 1.30MB/s]
 26%|██▌       | 21.2M/82.8M [00:19<00:46, 1.32MB/s]
 26%|██▌       | 21.4M/82.8M [00:19<00:46, 1.33MB/s]
 26%|██▌       | 21.6M/82.8M [00:20<00:45, 1.34MB/s]
 26%|██▌       | 21.7M/82.8M [00:20<00:45, 1.34MB/s]
 26%|██▋       | 21.9M/82.8M [00:20<00:45, 1.35MB/s]
 27%|██▋       | 22.1M/82.8M [00:20<00:45, 1.35MB/s]
 27%|██▋       | 22.2M/82.8M [00:20<00:44, 1.35MB/s]
 27%|██▋       | 22.4M/82.8M [00:20<00:39, 1.51MB/s]
 27%|██▋       | 22.6M/82.8M [00:20<00:41, 1.47MB/s]
 28%|██▊       | 23.0M/82.8M [00:20<00:30, 1.99MB/s]
 28%|██▊       | 23.2M/82.8M [00:21<00:30, 1.96MB/s]
 28%|██▊       | 23.5M/82.8M [00:21<00:39, 1.50MB/s]
 29%|██▊       | 23.7M/82.8M [00:21<00:38, 1.53MB/s]
 29%|██▉       | 23.9M/82.8M [00:21<00:36, 1.62MB/s]
 29%|██▉       | 24.1M/82.8M [00:21<00:36, 1.62MB/s]
 29%|██▉       | 24.3M/82.8M [00:21<00:36, 1.62MB/s]
 30%|██▉       | 24.5M/82.8M [00:21<00:35, 1.62MB/s]
 30%|██▉       | 24.7M/82.8M [00:22<00:46, 1.26MB/s]
 30%|██▉       | 24.8M/82.8M [00:22<00:56, 1.03MB/s]
 30%|███       | 25.0M/82.8M [00:22<00:55, 1.04MB/s]
 30%|███       | 25.1M/82.8M [00:22<00:54, 1.05MB/s]
 31%|███       | 25.4M/82.8M [00:22<00:40, 1.40MB/s]
 31%|███       | 25.6M/82.8M [00:22<00:39, 1.46MB/s]
 31%|███       | 25.8M/82.8M [00:22<00:39, 1.43MB/s]
 31%|███▏      | 25.9M/82.8M [00:23<00:40, 1.41MB/s]
 32%|███▏      | 26.1M/82.8M [00:23<00:52, 1.08MB/s]
 32%|███▏      | 26.2M/82.8M [00:23<00:52, 1.08MB/s]
 32%|███▏      | 26.4M/82.8M [00:23<00:43, 1.29MB/s]
 32%|███▏      | 26.6M/82.8M [00:23<00:42, 1.31MB/s]
 32%|███▏      | 26.8M/82.8M [00:23<00:42, 1.32MB/s]
 33%|███▎      | 26.9M/82.8M [00:23<00:41, 1.33MB/s]
 33%|███▎      | 27.2M/82.8M [00:24<00:37, 1.50MB/s]
 33%|███▎      | 27.3M/82.8M [00:24<00:38, 1.46MB/s]
 33%|███▎      | 27.5M/82.8M [00:24<00:38, 1.43MB/s]
 33%|███▎      | 27.7M/82.8M [00:24<00:39, 1.41MB/s]
 34%|███▎      | 27.8M/82.8M [00:24<00:51, 1.07MB/s]
 34%|███▍      | 28.0M/82.8M [00:24<00:51, 1.07MB/s]
 34%|███▍      | 28.1M/82.8M [00:24<00:45, 1.21MB/s]
 34%|███▍      | 28.3M/82.8M [00:25<00:46, 1.17MB/s]
 34%|███▍      | 28.4M/82.8M [00:25<00:47, 1.15MB/s]
 35%|███▍      | 28.7M/82.8M [00:25<00:35, 1.51MB/s]
 35%|███▍      | 28.9M/82.8M [00:25<00:34, 1.55MB/s]
 35%|███▌      | 29.1M/82.8M [00:25<00:36, 1.49MB/s]
 35%|███▌      | 29.2M/82.8M [00:25<00:36, 1.45MB/s]
 35%|███▌      | 29.4M/82.8M [00:25<00:37, 1.42MB/s]
 36%|███▌      | 29.7M/82.8M [00:25<00:32, 1.65MB/s]
 36%|███▌      | 29.9M/82.8M [00:26<00:41, 1.26MB/s]
 36%|███▌      | 30.0M/82.8M [00:26<00:40, 1.29MB/s]
 36%|███▋      | 30.2M/82.8M [00:26<00:40, 1.31MB/s]
 37%|███▋      | 30.3M/82.8M [00:26<00:39, 1.32MB/s]
 37%|███▋      | 30.5M/82.8M [00:26<00:50, 1.04MB/s]
 37%|███▋      | 30.7M/82.8M [00:26<00:44, 1.18MB/s]
 37%|███▋      | 30.8M/82.8M [00:26<00:45, 1.15MB/s]
 37%|███▋      | 31.0M/82.8M [00:27<00:45, 1.13MB/s]
 38%|███▊      | 31.1M/82.8M [00:27<00:46, 1.12MB/s]
 38%|███▊      | 31.2M/82.8M [00:27<00:46, 1.11MB/s]
 38%|███▊      | 31.4M/82.8M [00:27<00:46, 1.10MB/s]
 38%|███▊      | 31.5M/82.8M [00:27<00:46, 1.10MB/s]
 38%|███▊      | 31.6M/82.8M [00:27<00:46, 1.09MB/s]
 38%|███▊      | 31.8M/82.8M [00:27<00:43, 1.17MB/s]
 39%|███▊      | 31.9M/82.8M [00:27<00:44, 1.15MB/s]
 39%|███▊      | 32.0M/82.8M [00:28<00:44, 1.13MB/s]
 39%|███▉      | 32.2M/82.8M [00:28<00:45, 1.12MB/s]
 39%|███▉      | 32.3M/82.8M [00:28<00:42, 1.19MB/s]
 39%|███▉      | 32.5M/82.8M [00:28<00:38, 1.32MB/s]
 40%|███▉      | 32.7M/82.8M [00:28<00:35, 1.41MB/s]
 40%|███▉      | 32.9M/82.8M [00:28<00:35, 1.40MB/s]
 40%|███▉      | 33.1M/82.8M [00:28<00:35, 1.38MB/s]
 40%|████      | 33.2M/82.8M [00:28<00:36, 1.38MB/s]
 40%|████      | 33.5M/82.8M [00:29<00:30, 1.61MB/s]
 41%|████      | 33.7M/82.8M [00:29<00:31, 1.54MB/s]
 41%|████      | 33.8M/82.8M [00:29<00:33, 1.48MB/s]
 41%|████      | 34.0M/82.8M [00:29<00:47, 1.03MB/s]
 41%|████      | 34.1M/82.8M [00:29<00:46, 1.05MB/s]
 41%|████▏     | 34.2M/82.8M [00:29<00:45, 1.06MB/s]
 42%|████▏     | 34.4M/82.8M [00:29<00:45, 1.06MB/s]
 42%|████▏     | 34.5M/82.8M [00:30<00:45, 1.07MB/s]
 42%|████▏     | 34.6M/82.8M [00:30<00:44, 1.07MB/s]
 42%|████▏     | 34.8M/82.8M [00:30<00:44, 1.08MB/s]
 42%|████▏     | 34.9M/82.8M [00:30<00:44, 1.08MB/s]
 42%|████▏     | 35.0M/82.8M [00:30<00:57, 836kB/s] 
 42%|████▏     | 35.2M/82.8M [00:30<00:53, 896kB/s]
 43%|████▎     | 35.3M/82.8M [00:30<00:50, 944kB/s]
 43%|████▎     | 35.4M/82.8M [00:31<00:48, 983kB/s]
 43%|████▎     | 35.6M/82.8M [00:31<00:46, 1.01MB/s]
 43%|████▎     | 35.7M/82.8M [00:31<00:45, 1.03MB/s]
 44%|████▎     | 36.0M/82.8M [00:31<00:29, 1.59MB/s]
 44%|████▎     | 36.2M/82.8M [00:31<00:33, 1.40MB/s]
 44%|████▍     | 36.4M/82.8M [00:31<00:33, 1.39MB/s]
 44%|████▍     | 36.5M/82.8M [00:31<00:33, 1.38MB/s]
 44%|████▍     | 36.7M/82.8M [00:31<00:33, 1.37MB/s]
 45%|████▍     | 36.9M/82.8M [00:32<00:43, 1.06MB/s]
 45%|████▍     | 37.0M/82.8M [00:32<00:42, 1.07MB/s]
 45%|████▍     | 37.1M/82.8M [00:32<00:42, 1.07MB/s]
 45%|████▍     | 37.3M/82.8M [00:32<00:42, 1.08MB/s]
 45%|████▌     | 37.4M/82.8M [00:32<00:42, 1.08MB/s]
 45%|████▌     | 37.6M/82.8M [00:32<00:39, 1.16MB/s]
 46%|████▌     | 37.7M/82.8M [00:32<00:34, 1.29MB/s]
 46%|████▌     | 37.9M/82.8M [00:32<00:34, 1.31MB/s]
 46%|████▌     | 38.1M/82.8M [00:33<00:33, 1.33MB/s]
 46%|████▌     | 38.2M/82.8M [00:33<00:33, 1.34MB/s]
 46%|████▋     | 38.4M/82.8M [00:33<00:33, 1.34MB/s]
 47%|████▋     | 38.6M/82.8M [00:33<00:32, 1.35MB/s]
 47%|████▋     | 38.8M/82.8M [00:33<00:30, 1.43MB/s]
 47%|████▋     | 39.0M/82.8M [00:33<00:29, 1.49MB/s]
 47%|████▋     | 39.2M/82.8M [00:33<00:27, 1.61MB/s]
 48%|████▊     | 39.4M/82.8M [00:33<00:28, 1.53MB/s]
 48%|████▊     | 39.5M/82.8M [00:34<00:37, 1.14MB/s]
 48%|████▊     | 39.7M/82.8M [00:34<00:36, 1.19MB/s]
 48%|████▊     | 39.8M/82.8M [00:34<00:36, 1.16MB/s]
 48%|████▊     | 39.9M/82.8M [00:34<00:37, 1.14MB/s]
 48%|████▊     | 40.1M/82.8M [00:34<00:35, 1.20MB/s]
 49%|████▊     | 40.2M/82.8M [00:34<00:36, 1.17MB/s]
 49%|████▉     | 40.4M/82.8M [00:34<00:32, 1.30MB/s]
 49%|████▉     | 40.6M/82.8M [00:35<00:32, 1.32MB/s]
 49%|████▉     | 40.8M/82.8M [00:35<00:31, 1.33MB/s]
 49%|████▉     | 40.9M/82.8M [00:35<00:31, 1.33MB/s]
 50%|████▉     | 41.1M/82.8M [00:35<00:29, 1.42MB/s]
 50%|████▉     | 41.3M/82.8M [00:35<00:29, 1.40MB/s]
 50%|█████     | 41.5M/82.8M [00:35<00:29, 1.39MB/s]
 50%|█████     | 41.6M/82.8M [00:35<00:29, 1.38MB/s]
 51%|█████     | 41.9M/82.8M [00:35<00:22, 1.78MB/s]
 51%|█████     | 42.1M/82.8M [00:36<00:23, 1.73MB/s]
 51%|█████     | 42.3M/82.8M [00:36<00:23, 1.69MB/s]
 51%|█████▏    | 42.5M/82.8M [00:36<00:23, 1.68MB/s]
 52%|█████▏    | 42.7M/82.8M [00:36<00:24, 1.67MB/s]
 52%|█████▏    | 42.9M/82.8M [00:36<00:31, 1.27MB/s]
 52%|█████▏    | 43.1M/82.8M [00:36<00:30, 1.29MB/s]
 52%|█████▏    | 43.3M/82.8M [00:36<00:30, 1.31MB/s]
 52%|█████▏    | 43.4M/82.8M [00:36<00:29, 1.32MB/s]
 53%|█████▎    | 43.6M/82.8M [00:37<00:27, 1.41MB/s]
 53%|█████▎    | 43.8M/82.8M [00:37<00:28, 1.39MB/s]
 53%|█████▎    | 43.9M/82.8M [00:37<00:28, 1.38MB/s]
 53%|█████▎    | 44.1M/82.8M [00:37<00:26, 1.45MB/s]
 54%|█████▎    | 44.3M/82.8M [00:37<00:27, 1.42MB/s]
 54%|█████▎    | 44.5M/82.8M [00:37<00:27, 1.40MB/s]
 54%|█████▍    | 44.6M/82.8M [00:37<00:27, 1.39MB/s]
 54%|█████▍    | 44.8M/82.8M [00:37<00:27, 1.38MB/s]
 54%|█████▍    | 45.0M/82.8M [00:38<00:27, 1.37MB/s]
 54%|█████▍    | 45.1M/82.8M [00:38<00:27, 1.37MB/s]
 55%|█████▍    | 45.3M/82.8M [00:38<00:27, 1.36MB/s]
 55%|█████▍    | 45.4M/82.8M [00:38<00:27, 1.36MB/s]
 55%|█████▌    | 45.6M/82.8M [00:38<00:27, 1.36MB/s]
 55%|█████▌    | 45.8M/82.8M [00:38<00:27, 1.36MB/s]
 55%|█████▌    | 45.9M/82.8M [00:38<00:27, 1.36MB/s]
 56%|█████▌    | 46.2M/82.8M [00:38<00:24, 1.52MB/s]
 56%|█████▌    | 46.3M/82.8M [00:39<00:24, 1.47MB/s]
 56%|█████▌    | 46.5M/82.8M [00:39<00:25, 1.43MB/s]
 57%|█████▋    | 46.8M/82.8M [00:39<00:20, 1.73MB/s]
 57%|█████▋    | 47.0M/82.8M [00:39<00:27, 1.31MB/s]
 57%|█████▋    | 47.2M/82.8M [00:39<00:24, 1.46MB/s]
 57%|█████▋    | 47.4M/82.8M [00:39<00:24, 1.43MB/s]
 57%|█████▋    | 47.5M/82.8M [00:39<00:25, 1.41MB/s]
 58%|█████▊    | 47.7M/82.8M [00:39<00:25, 1.39MB/s]
 58%|█████▊    | 47.9M/82.8M [00:40<00:25, 1.38MB/s]
 58%|█████▊    | 48.1M/82.8M [00:40<00:22, 1.53MB/s]
 59%|█████▊    | 48.5M/82.8M [00:40<00:17, 1.95MB/s]
 59%|█████▉    | 48.7M/82.8M [00:40<00:16, 2.02MB/s]
 59%|█████▉    | 49.0M/82.8M [00:40<00:17, 1.98MB/s]
 59%|█████▉    | 49.2M/82.8M [00:40<00:22, 1.51MB/s]
 60%|█████▉    | 49.4M/82.8M [00:40<00:21, 1.54MB/s]
 60%|█████▉    | 49.6M/82.8M [00:41<00:26, 1.24MB/s]
 60%|██████    | 49.9M/82.8M [00:41<00:20, 1.64MB/s]
 61%|██████    | 50.2M/82.8M [00:41<00:17, 1.83MB/s]
 61%|██████    | 50.5M/82.8M [00:41<00:22, 1.47MB/s]
 61%|██████    | 50.7M/82.8M [00:41<00:21, 1.50MB/s]
 61%|██████▏   | 50.9M/82.8M [00:42<00:25, 1.23MB/s]
 62%|██████▏   | 51.0M/82.8M [00:42<00:25, 1.26MB/s]
 62%|██████▏   | 51.2M/82.8M [00:42<00:30, 1.04MB/s]
 62%|██████▏   | 51.3M/82.8M [00:42<00:30, 1.05MB/s]
 62%|██████▏   | 51.4M/82.8M [00:42<00:29, 1.06MB/s]
 62%|██████▏   | 51.6M/82.8M [00:42<00:29, 1.06MB/s]
 62%|██████▏   | 51.7M/82.8M [00:42<00:29, 1.07MB/s]
 63%|██████▎   | 51.8M/82.8M [00:43<00:28, 1.07MB/s]
 63%|██████▎   | 52.0M/82.8M [00:43<00:28, 1.08MB/s]
 63%|██████▎   | 52.2M/82.8M [00:43<00:24, 1.23MB/s]
 63%|██████▎   | 52.5M/82.8M [00:43<00:19, 1.58MB/s]
 64%|██████▎   | 52.6M/82.8M [00:43<00:19, 1.52MB/s]
 64%|██████▍   | 52.8M/82.8M [00:43<00:20, 1.47MB/s]
 64%|██████▍   | 53.0M/82.8M [00:43<00:20, 1.43MB/s]
 64%|██████▍   | 53.1M/82.8M [00:43<00:21, 1.41MB/s]
 64%|██████▍   | 53.3M/82.8M [00:43<00:21, 1.39MB/s]
 65%|██████▍   | 53.5M/82.8M [00:44<00:18, 1.54MB/s]
 65%|██████▍   | 53.7M/82.8M [00:44<00:19, 1.49MB/s]
 65%|██████▌   | 53.8M/82.8M [00:44<00:26, 1.11MB/s]
 65%|██████▌   | 54.0M/82.8M [00:44<00:26, 1.11MB/s]
 65%|██████▌   | 54.1M/82.8M [00:44<00:26, 1.10MB/s]
 65%|██████▌   | 54.2M/82.8M [00:44<00:26, 1.10MB/s]
 66%|██████▌   | 54.4M/82.8M [00:44<00:26, 1.09MB/s]
 66%|██████▌   | 54.5M/82.8M [00:45<00:25, 1.09MB/s]
 66%|██████▌   | 54.6M/82.8M [00:45<00:25, 1.09MB/s]
 66%|██████▌   | 54.8M/82.8M [00:45<00:25, 1.09MB/s]
 66%|██████▋   | 54.9M/82.8M [00:45<00:23, 1.17MB/s]
 66%|██████▋   | 55.1M/82.8M [00:45<00:24, 1.14MB/s]
 67%|██████▋   | 55.2M/82.8M [00:45<00:24, 1.11MB/s]
 67%|██████▋   | 55.3M/82.8M [00:45<00:24, 1.10MB/s]
 67%|██████▋   | 55.4M/82.8M [00:45<00:24, 1.10MB/s]
 67%|██████▋   | 55.6M/82.8M [00:46<00:24, 1.10MB/s]
 67%|██████▋   | 55.7M/82.8M [00:46<00:24, 1.09MB/s]
 67%|██████▋   | 55.8M/82.8M [00:46<00:24, 1.09MB/s]
 68%|██████▊   | 56.0M/82.8M [00:46<00:22, 1.17MB/s]
 68%|██████▊   | 56.1M/82.8M [00:46<00:23, 1.14MB/s]
 68%|██████▊   | 56.3M/82.8M [00:46<00:23, 1.13MB/s]
 68%|██████▊   | 56.5M/82.8M [00:46<00:20, 1.28MB/s]
 68%|██████▊   | 56.6M/82.8M [00:46<00:20, 1.30MB/s]
 69%|██████▊   | 56.8M/82.8M [00:47<00:19, 1.32MB/s]
 69%|██████▉   | 57.0M/82.8M [00:47<00:19, 1.33MB/s]
 69%|██████▉   | 57.1M/82.8M [00:47<00:19, 1.34MB/s]
 69%|██████▉   | 57.3M/82.8M [00:47<00:18, 1.34MB/s]
 69%|██████▉   | 57.4M/82.8M [00:47<00:18, 1.35MB/s]
 70%|██████▉   | 57.6M/82.8M [00:47<00:18, 1.35MB/s]
 70%|██████▉   | 57.8M/82.8M [00:47<00:18, 1.35MB/s]
 70%|██████▉   | 57.9M/82.8M [00:47<00:18, 1.36MB/s]
 70%|███████   | 58.1M/82.8M [00:47<00:18, 1.36MB/s]
 70%|███████   | 58.3M/82.8M [00:48<00:23, 1.04MB/s]
 71%|███████   | 58.4M/82.8M [00:48<00:23, 1.05MB/s]
 71%|███████   | 58.5M/82.8M [00:48<00:22, 1.06MB/s]
 71%|███████   | 58.7M/82.8M [00:48<00:19, 1.21MB/s]
 71%|███████   | 58.9M/82.8M [00:48<00:19, 1.25MB/s]
 71%|███████▏  | 59.1M/82.8M [00:48<00:15, 1.51MB/s]
 72%|███████▏  | 59.3M/82.8M [00:48<00:16, 1.47MB/s]
 72%|███████▏  | 59.5M/82.8M [00:49<00:16, 1.44MB/s]
 72%|███████▏  | 59.6M/82.8M [00:49<00:21, 1.09MB/s]
 72%|███████▏  | 59.8M/82.8M [00:49<00:21, 1.09MB/s]
 72%|███████▏  | 60.0M/82.8M [00:49<00:18, 1.23MB/s]
 73%|███████▎  | 60.1M/82.8M [00:49<00:17, 1.26MB/s]
 73%|███████▎  | 60.3M/82.8M [00:49<00:16, 1.37MB/s]
 73%|███████▎  | 60.5M/82.8M [00:49<00:16, 1.36MB/s]
 73%|███████▎  | 60.7M/82.8M [00:50<00:16, 1.36MB/s]
 73%|███████▎  | 60.8M/82.8M [00:50<00:20, 1.05MB/s]
 74%|███████▎  | 61.0M/82.8M [00:50<00:17, 1.26MB/s]
 74%|███████▍  | 61.3M/82.8M [00:50<00:15, 1.42MB/s]
 74%|███████▍  | 61.4M/82.8M [00:50<00:15, 1.41MB/s]
 74%|███████▍  | 61.7M/82.8M [00:50<00:13, 1.54MB/s]
 75%|███████▍  | 61.9M/82.8M [00:50<00:12, 1.64MB/s]
 75%|███████▍  | 62.1M/82.8M [00:50<00:12, 1.64MB/s]
 75%|███████▌  | 62.3M/82.8M [00:51<00:16, 1.27MB/s]
 75%|███████▌  | 62.5M/82.8M [00:51<00:15, 1.29MB/s]
 76%|███████▌  | 62.6M/82.8M [00:51<00:19, 1.04MB/s]
 76%|███████▌  | 62.8M/82.8M [00:51<00:19, 1.05MB/s]
 76%|███████▌  | 62.9M/82.8M [00:51<00:17, 1.12MB/s]
 76%|███████▌  | 63.1M/82.8M [00:51<00:15, 1.25MB/s]
 76%|███████▋  | 63.3M/82.8M [00:52<00:15, 1.28MB/s]
 77%|███████▋  | 63.4M/82.8M [00:52<00:14, 1.30MB/s]
 77%|███████▋  | 63.7M/82.8M [00:52<00:13, 1.47MB/s]
 77%|███████▋  | 63.8M/82.8M [00:52<00:13, 1.44MB/s]
 77%|███████▋  | 64.0M/82.8M [00:52<00:13, 1.41MB/s]
 77%|███████▋  | 64.2M/82.8M [00:52<00:13, 1.40MB/s]
 78%|███████▊  | 64.3M/82.8M [00:52<00:13, 1.39MB/s]
 78%|███████▊  | 64.5M/82.8M [00:52<00:13, 1.38MB/s]
 78%|███████▊  | 64.7M/82.8M [00:53<00:13, 1.37MB/s]
 78%|███████▊  | 64.8M/82.8M [00:53<00:13, 1.37MB/s]
 78%|███████▊  | 65.0M/82.8M [00:53<00:13, 1.36MB/s]
 79%|███████▊  | 65.1M/82.8M [00:53<00:16, 1.05MB/s]
 79%|███████▉  | 65.3M/82.8M [00:53<00:15, 1.12MB/s]
 79%|███████▉  | 65.4M/82.8M [00:53<00:15, 1.11MB/s]
 79%|███████▉  | 65.6M/82.8M [00:53<00:15, 1.11MB/s]
 79%|███████▉  | 65.7M/82.8M [00:54<00:14, 1.18MB/s]
 80%|███████▉  | 66.1M/82.8M [00:54<00:09, 1.77MB/s]
 80%|████████  | 66.3M/82.8M [00:54<00:09, 1.73MB/s]
 80%|████████  | 66.5M/82.8M [00:54<00:09, 1.70MB/s]
 81%|████████  | 66.8M/82.8M [00:54<00:08, 1.92MB/s]
 81%|████████  | 67.0M/82.8M [00:54<00:08, 1.83MB/s]
 81%|████████  | 67.2M/82.8M [00:54<00:11, 1.37MB/s]
 81%|████████▏ | 67.4M/82.8M [00:54<00:11, 1.36MB/s]
 82%|████████▏ | 67.5M/82.8M [00:55<00:11, 1.36MB/s]
 82%|████████▏ | 67.8M/82.8M [00:55<00:09, 1.51MB/s]
 82%|████████▏ | 67.9M/82.8M [00:55<00:10, 1.47MB/s]
 82%|████████▏ | 68.2M/82.8M [00:55<00:09, 1.59MB/s]
 83%|████████▎ | 68.3M/82.8M [00:55<00:09, 1.52MB/s]
 83%|████████▎ | 68.5M/82.8M [00:55<00:09, 1.47MB/s]
 83%|████████▎ | 68.6M/82.8M [00:55<00:12, 1.11MB/s]
 83%|████████▎ | 68.8M/82.8M [00:56<00:11, 1.17MB/s]
 83%|████████▎ | 69.0M/82.8M [00:56<00:10, 1.29MB/s]
 84%|████████▎ | 69.2M/82.8M [00:56<00:10, 1.31MB/s]
 84%|████████▎ | 69.3M/82.8M [00:56<00:10, 1.32MB/s]
 84%|████████▍ | 69.5M/82.8M [00:56<00:12, 1.04MB/s]
 84%|████████▍ | 69.7M/82.8M [00:56<00:11, 1.11MB/s]
 84%|████████▍ | 69.9M/82.8M [00:56<00:09, 1.31MB/s]
 85%|████████▍ | 70.1M/82.8M [00:57<00:09, 1.33MB/s]
 85%|████████▍ | 70.2M/82.8M [00:57<00:09, 1.33MB/s]
 85%|████████▌ | 70.4M/82.8M [00:57<00:09, 1.34MB/s]
 85%|████████▌ | 70.5M/82.8M [00:57<00:09, 1.34MB/s]
 85%|████████▌ | 70.7M/82.8M [00:57<00:08, 1.35MB/s]
 86%|████████▌ | 71.0M/82.8M [00:57<00:07, 1.67MB/s]
 86%|████████▌ | 71.2M/82.8M [00:57<00:07, 1.66MB/s]
 86%|████████▌ | 71.4M/82.8M [00:58<00:11, 1.03MB/s]
 86%|████████▋ | 71.6M/82.8M [00:58<00:10, 1.10MB/s]
 87%|████████▋ | 71.7M/82.8M [00:58<00:09, 1.16MB/s]
 87%|████████▋ | 71.9M/82.8M [00:58<00:09, 1.21MB/s]
 87%|████████▋ | 72.1M/82.8M [00:58<00:08, 1.25MB/s]
 87%|████████▋ | 72.2M/82.8M [00:58<00:10, 1.00MB/s]
 87%|████████▋ | 72.4M/82.8M [00:58<00:10, 1.02MB/s]
 88%|████████▊ | 72.5M/82.8M [00:59<00:09, 1.04MB/s]
 88%|████████▊ | 72.6M/82.8M [00:59<00:09, 1.12MB/s]
 88%|████████▊ | 72.8M/82.8M [00:59<00:09, 1.11MB/s]
 88%|████████▊ | 72.9M/82.8M [00:59<00:08, 1.18MB/s]
 88%|████████▊ | 73.2M/82.8M [00:59<00:06, 1.46MB/s]
 89%|████████▊ | 73.4M/82.8M [00:59<00:06, 1.51MB/s]
 89%|████████▉ | 73.6M/82.8M [00:59<00:05, 1.62MB/s]
 89%|████████▉ | 73.8M/82.8M [00:59<00:05, 1.61MB/s]
 89%|████████▉ | 74.0M/82.8M [01:00<00:05, 1.54MB/s]
 90%|████████▉ | 74.2M/82.8M [01:00<00:05, 1.48MB/s]
 90%|████████▉ | 74.3M/82.8M [01:00<00:07, 1.11MB/s]
 90%|████████▉ | 74.4M/82.8M [01:00<00:07, 1.11MB/s]
 90%|█████████ | 74.6M/82.8M [01:00<00:07, 1.10MB/s]
 90%|█████████ | 74.7M/82.8M [01:00<00:07, 1.10MB/s]
 90%|█████████ | 74.8M/82.8M [01:00<00:07, 1.09MB/s]
 91%|█████████ | 75.0M/82.8M [01:01<00:06, 1.17MB/s]
 91%|█████████ | 75.1M/82.8M [01:01<00:06, 1.14MB/s]
 91%|█████████ | 75.3M/82.8M [01:01<00:06, 1.13MB/s]
 91%|█████████ | 75.4M/82.8M [01:01<00:06, 1.12MB/s]
 91%|█████████ | 75.5M/82.8M [01:01<00:06, 1.11MB/s]
 91%|█████████▏| 75.7M/82.8M [01:01<00:06, 1.10MB/s]
 92%|█████████▏| 75.8M/82.8M [01:01<00:06, 1.10MB/s]
 92%|█████████▏| 76.0M/82.8M [01:01<00:05, 1.17MB/s]
 92%|█████████▏| 76.1M/82.8M [01:01<00:05, 1.15MB/s]
 92%|█████████▏| 76.2M/82.8M [01:02<00:07, 869kB/s] 
 92%|█████████▏| 76.3M/82.8M [01:02<00:06, 922kB/s]
 93%|█████████▎| 76.6M/82.8M [01:02<00:04, 1.25MB/s]
 93%|█████████▎| 76.8M/82.8M [01:02<00:04, 1.28MB/s]
 93%|█████████▎| 77.0M/82.8M [01:02<00:04, 1.37MB/s]
 93%|█████████▎| 77.1M/82.8M [01:02<00:04, 1.37MB/s]
 93%|█████████▎| 77.3M/82.8M [01:02<00:03, 1.44MB/s]
 94%|█████████▎| 77.6M/82.8M [01:03<00:03, 1.65MB/s]
 94%|█████████▍| 77.8M/82.8M [01:03<00:03, 1.64MB/s]
 94%|█████████▍| 78.0M/82.8M [01:03<00:03, 1.26MB/s]
 94%|█████████▍| 78.2M/82.8M [01:03<00:03, 1.29MB/s]
 95%|█████████▍| 78.3M/82.8M [01:03<00:03, 1.30MB/s]
 95%|█████████▍| 78.5M/82.8M [01:03<00:03, 1.32MB/s]
 95%|█████████▍| 78.6M/82.8M [01:03<00:03, 1.33MB/s]
 95%|█████████▌| 78.8M/82.8M [01:04<00:02, 1.34MB/s]
 95%|█████████▌| 79.0M/82.8M [01:04<00:02, 1.34MB/s]
 96%|█████████▌| 79.1M/82.8M [01:04<00:02, 1.35MB/s]
 96%|█████████▌| 79.3M/82.8M [01:04<00:02, 1.35MB/s]
 96%|█████████▌| 79.5M/82.8M [01:04<00:02, 1.35MB/s]
 96%|█████████▌| 79.6M/82.8M [01:04<00:02, 1.35MB/s]
 96%|█████████▋| 79.8M/82.8M [01:04<00:02, 1.35MB/s]
 97%|█████████▋| 80.0M/82.8M [01:04<00:02, 1.35MB/s]
 97%|█████████▋| 80.1M/82.8M [01:05<00:02, 1.04MB/s]
 97%|█████████▋| 80.2M/82.8M [01:05<00:02, 1.05MB/s]
 97%|█████████▋| 80.4M/82.8M [01:05<00:02, 1.06MB/s]
 97%|█████████▋| 80.5M/82.8M [01:05<00:02, 1.07MB/s]
 97%|█████████▋| 80.6M/82.8M [01:05<00:02, 1.06MB/s]
 98%|█████████▊| 80.8M/82.8M [01:05<00:02, 833kB/s] 
 98%|█████████▊| 80.9M/82.8M [01:05<00:02, 829kB/s]
 98%|█████████▊| 81.0M/82.8M [01:06<00:02, 894kB/s]
 98%|█████████▊| 81.2M/82.8M [01:06<00:01, 1.16MB/s]
 98%|█████████▊| 81.4M/82.8M [01:06<00:01, 1.22MB/s]
 99%|█████████▊| 81.6M/82.8M [01:06<00:00, 1.33MB/s]
 99%|█████████▊| 81.8M/82.8M [01:06<00:00, 1.34MB/s]
 99%|█████████▉| 82.0M/82.8M [01:06<00:00, 1.42MB/s]
 99%|█████████▉| 82.1M/82.8M [01:06<00:00, 1.48MB/s]
 99%|█████████▉| 82.3M/82.8M [01:06<00:00, 1.44MB/s]
100%|█████████▉| 82.5M/82.8M [01:07<00:00, 1.42MB/s]
100%|█████████▉| 82.6M/82.8M [01:07<00:00, 1.40MB/s]
100%|██████████| 82.8M/82.8M [01:07<00:00, 1.23MB/s]
/usr/local/lib/python3.12/dist-packages/torchvision/models/_utils.py:208: UserWarning: The parameter 'pretrained' is deprecated since 0.13 and may be removed in the future, please use 'weights' instead.
  warnings.warn(
/usr/local/lib/python3.12/dist-packages/torchvision/models/_utils.py:223: UserWarning: Arguments other than a weight enum or `None` for 'weights' are deprecated since 0.13 and may be removed in the future. The current behavior is equivalent to passing `weights=None`.
  warnings.warn(msg)
==> Building and training model...

  0%|          | 0/100 [00:00<?, ?it/s]
  1%|          | 1/100 [21:48<35:59:15, 1308.64s/it]
  2%|▏         | 2/100 [43:54<35:53:51, 1318.69s/it]
  3%|▎         | 3/100 [1:06:02<35:39:07, 1323.17s/it]
  4%|▍         | 4/100 [1:28:08<35:18:31, 1324.08s/it]
  5%|▌         | 5/100 [1:50:21<35:01:53, 1327.51s/it]
  6%|▌         | 6/100 [2:12:36<34:43:24, 1329.83s/it]
  7%|▋         | 7/100 [2:34:49<34:23:11, 1331.09s/it]
  8%|▊         | 8/100 [2:56:58<33:59:53, 1330.36s/it]
  9%|▉         | 9/100 [3:19:11<33:38:56, 1331.17s/it]
 10%|█         | 10/100 [3:41:15<33:13:13, 1328.81s/it]
 11%|█         | 11/100 [4:03:24<32:51:12, 1328.90s/it]
 12%|█▏        | 12/100 [4:25:32<32:28:31, 1328.54s/it]
 13%|█▎        | 13/100 [4:47:38<32:05:16, 1327.78s/it]
 14%|█▍        | 14/100 [5:09:46<31:43:36, 1328.10s/it]
 15%|█▌        | 15/100 [5:31:53<31:20:46, 1327.60s/it]
 16%|█▌        | 16/100 [5:54:00<30:58:15, 1327.32s/it]
 17%|█▋        | 17/100 [6:16:04<30:34:45, 1326.33s/it]
 18%|█▊        | 18/100 [6:38:12<30:13:21, 1326.85s/it]
 19%|█▉        | 19/100 [7:00:16<29:50:22, 1326.21s/it]
 20%|██        | 20/100 [7:22:25<29:29:24, 1327.06s/it]
 21%|██        | 21/100 [7:44:33<29:07:33, 1327.26s/it]
 22%|██▏       | 22/100 [8:06:36<28:43:37, 1325.86s/it]
 23%|██▎       | 23/100 [8:28:42<28:21:37, 1325.94s/it]
 24%|██▍       | 24/100 [8:50:48<27:59:31, 1325.94s/it]
 25%|██▌       | 25/100 [9:12:57<27:38:40, 1326.93s/it]
 26%|██▌       | 26/100 [9:34:59<27:14:50, 1325.55s/it]
 27%|██▋       | 27/100 [9:57:03<26:52:06, 1325.02s/it]
 28%|██▊       | 28/100 [10:19:09<26:30:10, 1325.15s/it]
 29%|██▉       | 29/100 [10:41:18<26:09:26, 1326.29s/it]
 30%|███       | 30/100 [11:03:25<25:47:46, 1326.66s/it]
 31%|███       | 31/100 [11:25:25<25:23:13, 1324.54s/it]
 32%|███▏      | 32/100 [11:47:31<25:01:38, 1324.98s/it]